[     105ms] [ERROR] Loading the stylesheet 'https://cdn.jsdelivr.net/gh/orioncactus/pretendard@v1.3.9/dist/web/variable/pretendardvariable-dynamic-subset.min.css' violates the following Content Security Policy directive: "style-src 'self' 'unsafe-inline' https://fonts.googleapis.com". Note that 'style-src-elem' was not explicitly set, so 'style-src' is used as a fallback. The action has been blocked. @ http://localhost:3000/dashboard:0
[     105ms] [ERROR] Loading the stylesheet 'https://cdn.jsdelivr.net/gh/orioncactus/pretendard@v1.3.9/dist/web/variable/pretendardvariable-dynamic-subset.min.css' violates the following Content Security Policy directive: "style-src 'self' 'unsafe-inline' https://fonts.googleapis.com". Note that 'style-src-elem' was not explicitly set, so 'style-src' is used as a fallback. The action has been blocked. @ http://localhost:3000/dashboard:0
[     106ms] [ERROR] Loading the stylesheet 'https://cdn.jsdelivr.net/gh/orioncactus/pretendard@v1.3.9/dist/web/variable/pretendardvariable-dynamic-subset.min.css' violates the following Content Security Policy directive: "style-src 'self' 'unsafe-inline' https://fonts.googleapis.com". Note that 'style-src-elem' was not explicitly set, so 'style-src' is used as a fallback. The action has been blocked. @ http://localhost:3000/dashboard:0
[     236ms] [ERROR] Manifest: Line: 1, column: 1, Syntax error. @ http://localhost:3000/manifest.webmanifest:0
[     284ms] [ERROR] Manifest: Line: 1, column: 1, Syntax error. @ http://localhost:3000/manifest.webmanifest:0
[     549ms] [ERROR] Base UI: A component that acts as a button expected a native <button> because the `nativeButton` prop is true. Rendering a non-<button> removes native button semantics, which can impact forms and accessibility. Use a real <button> in the `render` prop, or set `nativeButton` to `false`.
    at CollapsibleTrigger (http://localhost:3000/_next/static/chunks/src_56374a60._.js:861:214)
    at http://localhost:3000/_next/static/chunks/src_56374a60._.js:1095:239
    at Array.map (<anonymous>)
    at Sidebar (http://localhost:3000/_next/static/chunks/src_56374a60._.js:1090:41)
    at AppShell (http://localhost:3000/_next/static/chunks/src_56374a60._.js:1385:215)
    at fn (http://localhost:3000/_next/static/chunks/node_modules_next_dist_compiled_react-server-dom-turbopack_9212ccad._.js:1915:24) @ http://localhost:3000/_next/static/chunks/node_modules_next_dist_f3530cac._.js:3127
[  946778ms] [WARNING] [Fast Refresh] performing full reload

Fast Refresh will perform a full reload when you edit a file that's imported by modules outside of the React rendering tree.
You might have a file which exports a React component but also exports a value that is imported by a non-React component file.
Consider migrating the non-React component export to a separate file and importing it into both files.

It is also possible the parent component of the component you edited is a class component, which disables Fast Refresh.
Fast Refresh requires at least one parent function component in your React tree. @ http://localhost:3000/_next/static/chunks/node_modules_next_dist_f3530cac._.js:2297
[  947059ms] [ERROR] Loading the stylesheet 'https://cdn.jsdelivr.net/gh/orioncactus/pretendard@v1.3.9/dist/web/variable/pretendardvariable-dynamic-subset.min.css' violates the following Content Security Policy directive: "style-src 'self' 'unsafe-inline' https://fonts.googleapis.com". Note that 'style-src-elem' was not explicitly set, so 'style-src' is used as a fallback. The action has been blocked. @ http://localhost:3000/dashboard:0
[  947059ms] [ERROR] Loading the stylesheet 'https://cdn.jsdelivr.net/gh/orioncactus/pretendard@v1.3.9/dist/web/variable/pretendardvariable-dynamic-subset.min.css' violates the following Content Security Policy directive: "style-src 'self' 'unsafe-inline' https://fonts.googleapis.com". Note that 'style-src-elem' was not explicitly set, so 'style-src' is used as a fallback. The action has been blocked. @ http://localhost:3000/dashboard:0
[  947059ms] [ERROR] Loading the stylesheet 'https://cdn.jsdelivr.net/gh/orioncactus/pretendard@v1.3.9/dist/web/variable/pretendardvariable-dynamic-subset.min.css' violates the following Content Security Policy directive: "style-src 'self' 'unsafe-inline' https://fonts.googleapis.com". Note that 'style-src-elem' was not explicitly set, so 'style-src' is used as a fallback. The action has been blocked. @ http://localhost:3000/dashboard:0
[  947112ms] [ERROR] Manifest: Line: 1, column: 1, Syntax error. @ http://localhost:3000/manifest.webmanifest:0
[  947204ms] [ERROR] Manifest: Line: 1, column: 1, Syntax error. @ http://localhost:3000/manifest.webmanifest:0
[  947543ms] [ERROR] Base UI: A component that acts as a button expected a native <button> because the `nativeButton` prop is true. Rendering a non-<button> removes native button semantics, which can impact forms and accessibility. Use a real <button> in the `render` prop, or set `nativeButton` to `false`.
    at CollapsibleTrigger (http://localhost:3000/_next/static/chunks/src_56374a60._.js:861:214)
    at http://localhost:3000/_next/static/chunks/src_56374a60._.js:1095:239
    at Array.map (<anonymous>)
    at Sidebar (http://localhost:3000/_next/static/chunks/src_56374a60._.js:1090:41)
    at AppShell (http://localhost:3000/_next/static/chunks/src_56374a60._.js:1385:215)
    at fn (http://localhost:3000/_next/static/chunks/node_modules_next_dist_compiled_react-server-dom-turbopack_9212ccad._.js:1915:24) @ http://localhost:3000/_next/static/chunks/node_modules_next_dist_f3530cac._.js:3127
[  969262ms] [WARNING] [Fast Refresh] performing full reload

Fast Refresh will perform a full reload when you edit a file that's imported by modules outside of the React rendering tree.
You might have a file which exports a React component but also exports a value that is imported by a non-React component file.
Consider migrating the non-React component export to a separate file and importing it into both files.

It is also possible the parent component of the component you edited is a class component, which disables Fast Refresh.
Fast Refresh requires at least one parent function component in your React tree. @ http://localhost:3000/_next/static/chunks/node_modules_next_dist_f3530cac._.js:2297
[  969504ms] [ERROR] Loading the stylesheet 'https://cdn.jsdelivr.net/gh/orioncactus/pretendard@v1.3.9/dist/web/variable/pretendardvariable-dynamic-subset.min.css' violates the following Content Security Policy directive: "style-src 'self' 'unsafe-inline' https://fonts.googleapis.com". Note that 'style-src-elem' was not explicitly set, so 'style-src' is used as a fallback. The action has been blocked. @ http://localhost:3000/dashboard:0
[  969504ms] [ERROR] Loading the stylesheet 'https://cdn.jsdelivr.net/gh/orioncactus/pretendard@v1.3.9/dist/web/variable/pretendardvariable-dynamic-subset.min.css' violates the following Content Security Policy directive: "style-src 'self' 'unsafe-inline' https://fonts.googleapis.com". Note that 'style-src-elem' was not explicitly set, so 'style-src' is used as a fallback. The action has been blocked. @ http://localhost:3000/dashboard:0
[  969504ms] [ERROR] Loading the stylesheet 'https://cdn.jsdelivr.net/gh/orioncactus/pretendard@v1.3.9/dist/web/variable/pretendardvariable-dynamic-subset.min.css' violates the following Content Security Policy directive: "style-src 'self' 'unsafe-inline' https://fonts.googleapis.com". Note that 'style-src-elem' was not explicitly set, so 'style-src' is used as a fallback. The action has been blocked. @ http://localhost:3000/dashboard:0
[  969561ms] [ERROR] Manifest: Line: 1, column: 1, Syntax error. @ http://localhost:3000/manifest.webmanifest:0
[  969661ms] [ERROR] Manifest: Line: 1, column: 1, Syntax error. @ http://localhost:3000/manifest.webmanifest:0
[  969903ms] [ERROR] Base UI: A component that acts as a button expected a native <button> because the `nativeButton` prop is true. Rendering a non-<button> removes native button semantics, which can impact forms and accessibility. Use a real <button> in the `render` prop, or set `nativeButton` to `false`.
    at CollapsibleTrigger (http://localhost:3000/_next/static/chunks/src_56374a60._.js:861:214)
    at http://localhost:3000/_next/static/chunks/src_56374a60._.js:1095:239
    at Array.map (<anonymous>)
    at Sidebar (http://localhost:3000/_next/static/chunks/src_56374a60._.js:1090:41)
    at AppShell (http://localhost:3000/_next/static/chunks/src_56374a60._.js:1385:215)
    at fn (http://localhost:3000/_next/static/chunks/node_modules_next_dist_compiled_react-server-dom-turbopack_9212ccad._.js:1915:24) @ http://localhost:3000/_next/static/chunks/node_modules_next_dist_f3530cac._.js:3127
