[     155ms] [INFO] %cDownload the React DevTools for a better development experience: https://react.dev/link/react-devtools font-weight:bold @ http://localhost:3001/_next/static/chunks/0yhf_next_dist_0zlltkq._.js:2431
[     193ms] [ERROR] Manifest: Line: 1, column: 1, Syntax error. @ http://localhost:3001/manifest.webmanifest:0
[     193ms] [LOG] [HMR] connected @ http://localhost:3001/_next/static/chunks/0yhf_next_dist_0zlltkq._.js:2431
[     306ms] [ERROR] Manifest: Line: 1, column: 1, Syntax error. @ http://localhost:3001/manifest.webmanifest:0
[     311ms] [LOG] [Fast Refresh] rebuilding @ http://localhost:3001/_next/static/chunks/0yhf_next_dist_0zlltkq._.js:2431
[     311ms] [LOG] [Fast Refresh] done in 101ms @ http://localhost:3001/_next/static/chunks/0yhf_next_dist_0zlltkq._.js:2431
[    3307ms] [WARNING] The resource http://localhost:3001/_next/static/chunks/%5Broot-of-the-server%5D__0jslavc._.css was preloaded using link preload but not used within a few seconds from the window's load event. Please make sure it has an appropriate `as` value and it is preloaded intentionally. @ http://localhost:3001/:0
[   17246ms] [LOG] [Fast Refresh] rebuilding @ http://localhost:3001/_next/static/chunks/0yhf_next_dist_0zlltkq._.js:2431
[   17276ms] [ERROR] Manifest: Line: 1, column: 1, Syntax error. @ http://localhost:3001/manifest.webmanifest:0
[   17279ms] [LOG] [Fast Refresh] done in 134ms @ http://localhost:3001/_next/static/chunks/0yhf_next_dist_0zlltkq._.js:2431
[   20277ms] [WARNING] The resource http://localhost:3001/_next/static/chunks/%5Broot-of-the-server%5D__0jslavc._.css was preloaded using link preload but not used within a few seconds from the window's load event. Please make sure it has an appropriate `as` value and it is preloaded intentionally. @ http://localhost:3001/login:0
[ 1144683ms] [LOG] [Fast Refresh] rebuilding @ http://localhost:3001/_next/static/chunks/0yhf_next_dist_0zlltkq._.js:2431
[ 1144901ms] [LOG] [Fast Refresh] done in 293ms @ http://localhost:3001/_next/static/chunks/0yhf_next_dist_0zlltkq._.js:2431
[ 1152747ms] [LOG] [Fast Refresh] rebuilding @ http://localhost:3001/_next/static/chunks/0yhf_next_dist_0zlltkq._.js:2431
[ 1153099ms] [LOG] [Fast Refresh] done in 343ms @ http://localhost:3001/_next/static/chunks/0yhf_next_dist_0zlltkq._.js:2431
[ 1153205ms] [LOG] [Fast Refresh] rebuilding @ http://localhost:3001/_next/static/chunks/0yhf_next_dist_0zlltkq._.js:2431
[ 1153213ms] [LOG] [Fast Refresh] done in 110ms @ http://localhost:3001/_next/static/chunks/0yhf_next_dist_0zlltkq._.js:2431
[ 1153439ms] [ERROR] Manifest: Line: 1, column: 1, Syntax error. @ http://localhost:3001/manifest.webmanifest:0
[ 1156440ms] [WARNING] The resource http://localhost:3001/_next/static/chunks/%5Broot-of-the-server%5D__0jslavc._.css was preloaded using link preload but not used within a few seconds from the window's load event. Please make sure it has an appropriate `as` value and it is preloaded intentionally. @ http://localhost:3001/login:0
[ 1160214ms] [LOG] [Fast Refresh] rebuilding @ http://localhost:3001/_next/static/chunks/0yhf_next_dist_0zlltkq._.js:2431
[ 1160240ms] [LOG] [Fast Refresh] done in 84ms @ http://localhost:3001/_next/static/chunks/0yhf_next_dist_0zlltkq._.js:2431
